Running DP Benchmark on dataset: 'Adult' with target: 'income' and sensitive attribute: 'sex'

*********************** Fair-only - seed = 602627 ***********************

# Original - OK
# PRE - REWEIGH - OK
# PRE - DIR - OK
# PRE - LFR - OK
# IN - EGR - OK
# IN - GSR - OK
# POS - ROC - OK
# POS - EQODDS - OK
# POS - CEOP - OK

*********************** DP & DP+Fair | ε=0.05 ***********************

# Original - OK
# PRE - REWEIGH - OK
# PRE - DIR - OK
# PRE - LFR - OK
# IN - EGR - OK
# IN - GSR - OK
# POS - ROC - OK
# POS - EQODDS - OK
# POS - CEOP - OK

*********************** DP & DP+Fair | ε=0.1 ***********************

# Original - OK
# PRE - REWEIGH - OK
# PRE - DIR - OK
# PRE - LFR - OK
# IN - EGR - OK
# IN - GSR - OK
# POS - ROC - OK
# POS - EQODDS - OK
# POS - CEOP - OK

*********************** DP & DP+Fair | ε=0.25 ***********************

# Original - OK
# PRE - REWEIGH - OK
# PRE - DIR - OK
# PRE - LFR - OK
# IN - EGR - OK
# IN - GSR - OK
# POS - ROC - OK
# POS - EQODDS - OK
# POS - CEOP - OK

*********************** DP & DP+Fair | ε=0.5 ***********************

# Original - OK
# PRE - REWEIGH - OK
# PRE - DIR - OK
# PRE - LFR - OK
# IN - EGR - OK
# IN - GSR - OK
# POS - ROC - OK
# POS - EQODDS - OK
# POS - CEOP - OK

*********************** DP & DP+Fair | ε=0.75 ***********************

# Original - OK
# PRE - REWEIGH - OK
# PRE - DIR - OK
# PRE - LFR - OK
# IN - EGR - OK
# IN - GSR - OK
# POS - ROC - OK
# POS - EQODDS - OK
# POS - CEOP - OK

*********************** DP & DP+Fair | ε=1 ***********************

# Original - OK
# PRE - REWEIGH - OK
# PRE - DIR - OK
# PRE - LFR - OK
# IN - EGR - OK
# IN - GSR - OK
# POS - ROC - OK
# POS - EQODDS - OK
# POS - CEOP - OK

*********************** DP & DP+Fair | ε=2 ***********************

# Original - OK
# PRE - REWEIGH - OK
# PRE - DIR - OK
# PRE - LFR - OK
# IN - EGR - OK
# IN - GSR - OK
# POS - ROC - OK
# POS - EQODDS - OK
# POS - CEOP - OK

*********************** DP & DP+Fair | ε=3 ***********************

# Original - OK
# PRE - REWEIGH - OK
# PRE - DIR - OK
# PRE - LFR - OK
# IN - EGR - OK
# IN - GSR - OK
# POS - ROC - OK
# POS - EQODDS - OK
# POS - CEOP - OK

*********************** DP & DP+Fair | ε=5 ***********************

# Original - OK
# PRE - REWEIGH - OK
# PRE - DIR - OK
# PRE - LFR - OK
# IN - EGR - OK
# IN - GSR - OK
# POS - ROC - OK
# POS - EQODDS - OK
# POS - CEOP - OK

*********************** DP & DP+Fair | ε=10 ***********************

# Original - OK
# PRE - REWEIGH - OK
# PRE - DIR - OK
# PRE - LFR - OK
# IN - EGR - OK
# IN - GSR - OK
# POS - ROC - OK
# POS - EQODDS - OK
# POS - CEOP - OK

*********************** DP & DP+Fair | ε=15 ***********************

# Original - OK
# PRE - REWEIGH - OK
# PRE - DIR - OK
# PRE - LFR - OK
# IN - EGR - OK
# IN - GSR - OK
# POS - ROC - OK
# POS - EQODDS - OK
# POS - CEOP - OK

*********************** DP & DP+Fair | ε=20 ***********************

# Original - OK
# PRE - REWEIGH - OK
# PRE - DIR - OK
# PRE - LFR - OK
# IN - EGR - OK
# IN - GSR - OK
# POS - ROC - OK
# POS - EQODDS - OK
# POS - CEOP - OK
Running DP Benchmark on dataset: 'Adult' with target: 'income' and sensitive attribute: 'sex'

*********************** Fair-only - seed = 602627 ***********************

# Original - OK
# PRE - REWEIGH - OK
# PRE - DIR - OK
# PRE - LFR - OK
# IN - EGR - OK
# IN - GSR - OK
# POS - ROC - OK
# POS - EQODDS - OK
# POS - CEOP - OK

*********************** DP & DP+Fair | ε=0.05 ***********************

# Original - OK
# PRE - REWEIGH - OK
# PRE - DIR - OK
# PRE - LFR - OK
# IN - EGR - OK
# IN - GSR - OK
# POS - ROC - OK
# POS - EQODDS - OK
# POS - CEOP - OK

*********************** DP & DP+Fair | ε=0.1 ***********************

# Original - OK
# PRE - REWEIGH - OK
# PRE - DIR - OK
# PRE - LFR - OK
# IN - EGR - OK
# IN - GSR - OK
# POS - ROC - OK
# POS - EQODDS - OK
# POS - CEOP - OK

*********************** DP & DP+Fair | ε=0.25 ***********************

# Original - OK
# PRE - REWEIGH - OK
# PRE - DIR - OK
# PRE - LFR - OK
# IN - EGR - OK
# IN - GSR - OK
# POS - ROC - OK
# POS - EQODDS - OK
# POS - CEOP - OK

*********************** DP & DP+Fair | ε=0.5 ***********************

# Original - OK
# PRE - REWEIGH - OK
# PRE - DIR - OK
# PRE - LFR - OK
# IN - EGR - OK
# IN - GSR - OK
# POS - ROC - OK
# POS - EQODDS - OK
# POS - CEOP - OK

*********************** DP & DP+Fair | ε=0.75 ***********************

# Original - OK
# PRE - REWEIGH - OK
# PRE - DIR - OK
# PRE - LFR - OK
# IN - EGR - OK
# IN - GSR - OK
# POS - ROC - OK
# POS - EQODDS - OK
# POS - CEOP - OK

*********************** DP & DP+Fair | ε=1 ***********************

# Original - OK
# PRE - REWEIGH - OK
# PRE - DIR - OK
# PRE - LFR - OK
# IN - EGR - OK
# IN - GSR - OK
# POS - ROC - OK
# POS - EQODDS - OK
# POS - CEOP - OK

*********************** DP & DP+Fair | ε=2 ***********************

# Original - OK
# PRE - REWEIGH - OK
# PRE - DIR - OK
# PRE - LFR - OK
# IN - EGR - OK
# IN - GSR - OK
# POS - ROC - OK
# POS - EQODDS - OK
# POS - CEOP - OK

*********************** DP & DP+Fair | ε=3 ***********************

# Original - OK
# PRE - REWEIGH - OK
# PRE - DIR - OK
# PRE - LFR - OK
# IN - EGR - OK
# IN - GSR - OK
# POS - ROC - OK
# POS - EQODDS - OK
# POS - CEOP - OK

*********************** DP & DP+Fair | ε=5 ***********************

# Original - OK
# PRE - REWEIGH - OK
# PRE - DIR - OK
# PRE - LFR - OK
# IN - EGR - OK
# IN - GSR - OK
# POS - ROC - OK
# POS - EQODDS - OK
# POS - CEOP - OK

*********************** DP & DP+Fair | ε=10 ***********************

# Original - OK
# PRE - REWEIGH - OK
# PRE - DIR - OK
# PRE - LFR - OK
# IN - EGR - OK
# IN - GSR - OK
# POS - ROC - OK
# POS - EQODDS - OK
# POS - CEOP - OK

*********************** DP & DP+Fair | ε=15 ***********************

# Original - OK
# PRE - REWEIGH - OK
# PRE - DIR - OK
# PRE - LFR - OK
# IN - EGR - OK
# IN - GSR - OK
# POS - ROC - OK
# POS - EQODDS - OK
# POS - CEOP - OK

*********************** DP & DP+Fair | ε=20 ***********************

# Original - OK
# PRE - REWEIGH - OK
# PRE - DIR - OK
# PRE - LFR - OK
# IN - EGR - OK
# IN - GSR - OK
# POS - ROC - OK
# POS - EQODDS - OK
# POS - CEOP - OK
