2026-05-21 02:36:15.850930: E external/local_xla/xla/stream_executor/cuda/cuda_fft.cc:467] Unable to register cuFFT factory: Attempting to register factory for plugin cuFFT when one has already been registered
WARNING: All log messages before absl::InitializeLog() is called are written to STDERR
E0000 00:00:1779323775.953027    6273 cuda_dnn.cc:8579] Unable to register cuDNN factory: Attempting to register factory for plugin cuDNN when one has already been registered
E0000 00:00:1779323775.982725    6273 cuda_blas.cc:1407] Unable to register cuBLAS factory: Attempting to register factory for plugin cuBLAS when one has already been registered
W0000 00:00:1779323776.252669    6273 computation_placer.cc:177] computation placer already registered. Please check linkage and avoid linking the same target more than once.
W0000 00:00:1779323776.252694    6273 computation_placer.cc:177] computation placer already registered. Please check linkage and avoid linking the same target more than once.
W0000 00:00:1779323776.252697    6273 computation_placer.cc:177] computation placer already registered. Please check linkage and avoid linking the same target more than once.
W0000 00:00:1779323776.252700    6273 computation_placer.cc:177] computation placer already registered. Please check linkage and avoid linking the same target more than once.
2026-05-21 02:36:16.282010: I tensorflow/core/platform/cpu_feature_guard.cc:210] This TensorFlow binary is optimized to use available CPU instructions in performance-critical operations.
To enable the following instructions: AVX2 AVX512F FMA, in other operations, rebuild TensorFlow with the appropriate compiler flags.
/home/vangeloz/public/dp-fair-intervention-benchmark/venv/lib/python3.9/site-packages/inFairness/utils/ndcg.py:37: FutureWarning: We've integrated functorch into PyTorch. As the final step of the integration, `functorch.vmap` is deprecated as of PyTorch 2.0 and will be deleted in a future version of PyTorch >= 2.3. Please use `torch.vmap` instead; see the PyTorch 2.0 release notes and/or the `torch.func` migration guide for more details https://pytorch.org/docs/main/func.migrating.html
  vect_normalized_discounted_cumulative_gain = vmap(
/home/vangeloz/public/dp-fair-intervention-benchmark/venv/lib/python3.9/site-packages/inFairness/utils/ndcg.py:48: FutureWarning: We've integrated functorch into PyTorch. As the final step of the integration, `functorch.vmap` is deprecated as of PyTorch 2.0 and will be deleted in a future version of PyTorch >= 2.3. Please use `torch.vmap` instead; see the PyTorch 2.0 release notes and/or the `torch.func` migration guide for more details https://pytorch.org/docs/main/func.migrating.html
  monte_carlo_vect_ndcg = vmap(vect_normalized_discounted_cumulative_gain, in_dims=(0,))
/home/vangeloz/public/dp-fair-intervention-benchmark/venv/lib/python3.9/site-packages/aif360/metrics/dataset_metric.py:82: RuntimeWarning: invalid value encountered in scalar divide
  return metric_fun(privileged=False) / metric_fun(privileged=True)
/home/vangeloz/public/dp-fair-intervention-benchmark/venv/lib/python3.9/site-packages/sklearn/preprocessing/_label.py:110: DataConversionWarning: A column-vector y was passed when a 1d array was expected. Please change the shape of y to (n_samples, ), for example using ravel().
  y = column_or_1d(y, warn=True)
/home/vangeloz/public/dp-fair-intervention-benchmark/venv/lib/python3.9/site-packages/sklearn/preprocessing/_label.py:110: DataConversionWarning: A column-vector y was passed when a 1d array was expected. Please change the shape of y to (n_samples, ), for example using ravel().
  y = column_or_1d(y, warn=True)
/home/vangeloz/public/dp-fair-intervention-benchmark/venv/lib/python3.9/site-packages/aif360/metrics/dataset_metric.py:82: RuntimeWarning: invalid value encountered in scalar divide
  return metric_fun(privileged=False) / metric_fun(privileged=True)
/home/vangeloz/public/dp-fair-intervention-benchmark/venv/lib/python3.9/site-packages/sklearn/preprocessing/_label.py:110: DataConversionWarning: A column-vector y was passed when a 1d array was expected. Please change the shape of y to (n_samples, ), for example using ravel().
  y = column_or_1d(y, warn=True)
/home/vangeloz/public/dp-fair-intervention-benchmark/venv/lib/python3.9/site-packages/sklearn/preprocessing/_label.py:110: DataConversionWarning: A column-vector y was passed when a 1d array was expected. Please change the shape of y to (n_samples, ), for example using ravel().
  y = column_or_1d(y, warn=True)
/home/vangeloz/public/dp-fair-intervention-benchmark/venv/lib/python3.9/site-packages/aif360/metrics/dataset_metric.py:82: RuntimeWarning: invalid value encountered in scalar divide
  return metric_fun(privileged=False) / metric_fun(privileged=True)
/home/vangeloz/public/dp-fair-intervention-benchmark/venv/lib/python3.9/site-packages/sklearn/preprocessing/_label.py:110: DataConversionWarning: A column-vector y was passed when a 1d array was expected. Please change the shape of y to (n_samples, ), for example using ravel().
  y = column_or_1d(y, warn=True)
/home/vangeloz/public/dp-fair-intervention-benchmark/venv/lib/python3.9/site-packages/sklearn/preprocessing/_label.py:110: DataConversionWarning: A column-vector y was passed when a 1d array was expected. Please change the shape of y to (n_samples, ), for example using ravel().
  y = column_or_1d(y, warn=True)
/home/vangeloz/public/dp-fair-intervention-benchmark/venv/lib/python3.9/site-packages/aif360/metrics/dataset_metric.py:82: RuntimeWarning: invalid value encountered in scalar divide
  return metric_fun(privileged=False) / metric_fun(privileged=True)
/home/vangeloz/public/dp-fair-intervention-benchmark/venv/lib/python3.9/site-packages/sklearn/preprocessing/_label.py:110: DataConversionWarning: A column-vector y was passed when a 1d array was expected. Please change the shape of y to (n_samples, ), for example using ravel().
  y = column_or_1d(y, warn=True)
/home/vangeloz/public/dp-fair-intervention-benchmark/venv/lib/python3.9/site-packages/sklearn/preprocessing/_label.py:110: DataConversionWarning: A column-vector y was passed when a 1d array was expected. Please change the shape of y to (n_samples, ), for example using ravel().
  y = column_or_1d(y, warn=True)
/home/vangeloz/public/dp-fair-intervention-benchmark/venv/lib/python3.9/site-packages/aif360/metrics/dataset_metric.py:82: RuntimeWarning: invalid value encountered in scalar divide
  return metric_fun(privileged=False) / metric_fun(privileged=True)
/home/vangeloz/public/dp-fair-intervention-benchmark/venv/lib/python3.9/site-packages/sklearn/preprocessing/_label.py:110: DataConversionWarning: A column-vector y was passed when a 1d array was expected. Please change the shape of y to (n_samples, ), for example using ravel().
  y = column_or_1d(y, warn=True)
/home/vangeloz/public/dp-fair-intervention-benchmark/venv/lib/python3.9/site-packages/sklearn/preprocessing/_label.py:110: DataConversionWarning: A column-vector y was passed when a 1d array was expected. Please change the shape of y to (n_samples, ), for example using ravel().
  y = column_or_1d(y, warn=True)
/home/vangeloz/public/dp-fair-intervention-benchmark/venv/lib/python3.9/site-packages/aif360/metrics/dataset_metric.py:82: RuntimeWarning: invalid value encountered in scalar divide
  return metric_fun(privileged=False) / metric_fun(privileged=True)
/home/vangeloz/public/dp-fair-intervention-benchmark/venv/lib/python3.9/site-packages/sklearn/preprocessing/_label.py:110: DataConversionWarning: A column-vector y was passed when a 1d array was expected. Please change the shape of y to (n_samples, ), for example using ravel().
  y = column_or_1d(y, warn=True)
/home/vangeloz/public/dp-fair-intervention-benchmark/venv/lib/python3.9/site-packages/sklearn/preprocessing/_label.py:110: DataConversionWarning: A column-vector y was passed when a 1d array was expected. Please change the shape of y to (n_samples, ), for example using ravel().
  y = column_or_1d(y, warn=True)
/home/vangeloz/public/dp-fair-intervention-benchmark/venv/lib/python3.9/site-packages/aif360/metrics/dataset_metric.py:82: RuntimeWarning: invalid value encountered in scalar divide
  return metric_fun(privileged=False) / metric_fun(privileged=True)
/home/vangeloz/public/dp-fair-intervention-benchmark/venv/lib/python3.9/site-packages/sklearn/preprocessing/_label.py:110: DataConversionWarning: A column-vector y was passed when a 1d array was expected. Please change the shape of y to (n_samples, ), for example using ravel().
  y = column_or_1d(y, warn=True)
/home/vangeloz/public/dp-fair-intervention-benchmark/venv/lib/python3.9/site-packages/sklearn/preprocessing/_label.py:110: DataConversionWarning: A column-vector y was passed when a 1d array was expected. Please change the shape of y to (n_samples, ), for example using ravel().
  y = column_or_1d(y, warn=True)
/home/vangeloz/public/dp-fair-intervention-benchmark/venv/lib/python3.9/site-packages/aif360/metrics/dataset_metric.py:82: RuntimeWarning: invalid value encountered in scalar divide
  return metric_fun(privileged=False) / metric_fun(privileged=True)
/home/vangeloz/public/dp-fair-intervention-benchmark/venv/lib/python3.9/site-packages/sklearn/preprocessing/_label.py:110: DataConversionWarning: A column-vector y was passed when a 1d array was expected. Please change the shape of y to (n_samples, ), for example using ravel().
  y = column_or_1d(y, warn=True)
/home/vangeloz/public/dp-fair-intervention-benchmark/venv/lib/python3.9/site-packages/sklearn/preprocessing/_label.py:110: DataConversionWarning: A column-vector y was passed when a 1d array was expected. Please change the shape of y to (n_samples, ), for example using ravel().
  y = column_or_1d(y, warn=True)
/home/vangeloz/public/dp-fair-intervention-benchmark/venv/lib/python3.9/site-packages/aif360/metrics/dataset_metric.py:82: RuntimeWarning: invalid value encountered in scalar divide
  return metric_fun(privileged=False) / metric_fun(privileged=True)
/home/vangeloz/public/dp-fair-intervention-benchmark/venv/lib/python3.9/site-packages/sklearn/preprocessing/_label.py:110: DataConversionWarning: A column-vector y was passed when a 1d array was expected. Please change the shape of y to (n_samples, ), for example using ravel().
  y = column_or_1d(y, warn=True)
/home/vangeloz/public/dp-fair-intervention-benchmark/venv/lib/python3.9/site-packages/sklearn/preprocessing/_label.py:110: DataConversionWarning: A column-vector y was passed when a 1d array was expected. Please change the shape of y to (n_samples, ), for example using ravel().
  y = column_or_1d(y, warn=True)
/home/vangeloz/public/dp-fair-intervention-benchmark/venv/lib/python3.9/site-packages/aif360/metrics/dataset_metric.py:82: RuntimeWarning: invalid value encountered in scalar divide
  return metric_fun(privileged=False) / metric_fun(privileged=True)
/home/vangeloz/public/dp-fair-intervention-benchmark/venv/lib/python3.9/site-packages/sklearn/preprocessing/_label.py:110: DataConversionWarning: A column-vector y was passed when a 1d array was expected. Please change the shape of y to (n_samples, ), for example using ravel().
  y = column_or_1d(y, warn=True)
/home/vangeloz/public/dp-fair-intervention-benchmark/venv/lib/python3.9/site-packages/sklearn/preprocessing/_label.py:110: DataConversionWarning: A column-vector y was passed when a 1d array was expected. Please change the shape of y to (n_samples, ), for example using ravel().
  y = column_or_1d(y, warn=True)
/home/vangeloz/public/dp-fair-intervention-benchmark/venv/lib/python3.9/site-packages/aif360/metrics/dataset_metric.py:82: RuntimeWarning: invalid value encountered in scalar divide
  return metric_fun(privileged=False) / metric_fun(privileged=True)
/home/vangeloz/public/dp-fair-intervention-benchmark/venv/lib/python3.9/site-packages/sklearn/preprocessing/_label.py:110: DataConversionWarning: A column-vector y was passed when a 1d array was expected. Please change the shape of y to (n_samples, ), for example using ravel().
  y = column_or_1d(y, warn=True)
/home/vangeloz/public/dp-fair-intervention-benchmark/venv/lib/python3.9/site-packages/sklearn/preprocessing/_label.py:110: DataConversionWarning: A column-vector y was passed when a 1d array was expected. Please change the shape of y to (n_samples, ), for example using ravel().
  y = column_or_1d(y, warn=True)
/home/vangeloz/public/dp-fair-intervention-benchmark/venv/lib/python3.9/site-packages/aif360/metrics/dataset_metric.py:82: RuntimeWarning: invalid value encountered in scalar divide
  return metric_fun(privileged=False) / metric_fun(privileged=True)
/home/vangeloz/public/dp-fair-intervention-benchmark/venv/lib/python3.9/site-packages/sklearn/preprocessing/_label.py:110: DataConversionWarning: A column-vector y was passed when a 1d array was expected. Please change the shape of y to (n_samples, ), for example using ravel().
  y = column_or_1d(y, warn=True)
/home/vangeloz/public/dp-fair-intervention-benchmark/venv/lib/python3.9/site-packages/sklearn/preprocessing/_label.py:110: DataConversionWarning: A column-vector y was passed when a 1d array was expected. Please change the shape of y to (n_samples, ), for example using ravel().
  y = column_or_1d(y, warn=True)
/home/vangeloz/public/dp-fair-intervention-benchmark/venv/lib/python3.9/site-packages/aif360/metrics/dataset_metric.py:82: RuntimeWarning: invalid value encountered in scalar divide
  return metric_fun(privileged=False) / metric_fun(privileged=True)
/home/vangeloz/public/dp-fair-intervention-benchmark/venv/lib/python3.9/site-packages/sklearn/preprocessing/_label.py:110: DataConversionWarning: A column-vector y was passed when a 1d array was expected. Please change the shape of y to (n_samples, ), for example using ravel().
  y = column_or_1d(y, warn=True)
/home/vangeloz/public/dp-fair-intervention-benchmark/venv/lib/python3.9/site-packages/sklearn/preprocessing/_label.py:110: DataConversionWarning: A column-vector y was passed when a 1d array was expected. Please change the shape of y to (n_samples, ), for example using ravel().
  y = column_or_1d(y, warn=True)
/home/vangeloz/public/dp-fair-intervention-benchmark/venv/lib/python3.9/site-packages/aif360/metrics/dataset_metric.py:82: RuntimeWarning: invalid value encountered in scalar divide
  return metric_fun(privileged=False) / metric_fun(privileged=True)
/home/vangeloz/public/dp-fair-intervention-benchmark/venv/lib/python3.9/site-packages/sklearn/preprocessing/_label.py:110: DataConversionWarning: A column-vector y was passed when a 1d array was expected. Please change the shape of y to (n_samples, ), for example using ravel().
  y = column_or_1d(y, warn=True)
/home/vangeloz/public/dp-fair-intervention-benchmark/venv/lib/python3.9/site-packages/sklearn/preprocessing/_label.py:110: DataConversionWarning: A column-vector y was passed when a 1d array was expected. Please change the shape of y to (n_samples, ), for example using ravel().
  y = column_or_1d(y, warn=True)
/home/vangeloz/public/dp-fair-intervention-benchmark/venv/lib/python3.9/site-packages/aif360/metrics/dataset_metric.py:82: RuntimeWarning: invalid value encountered in scalar divide
  return metric_fun(privileged=False) / metric_fun(privileged=True)
/home/vangeloz/public/dp-fair-intervention-benchmark/venv/lib/python3.9/site-packages/sklearn/preprocessing/_label.py:110: DataConversionWarning: A column-vector y was passed when a 1d array was expected. Please change the shape of y to (n_samples, ), for example using ravel().
  y = column_or_1d(y, warn=True)
/home/vangeloz/public/dp-fair-intervention-benchmark/venv/lib/python3.9/site-packages/sklearn/preprocessing/_label.py:110: DataConversionWarning: A column-vector y was passed when a 1d array was expected. Please change the shape of y to (n_samples, ), for example using ravel().
  y = column_or_1d(y, warn=True)
/home/vangeloz/public/dp-fair-intervention-benchmark/venv/lib/python3.9/site-packages/aif360/metrics/dataset_metric.py:82: RuntimeWarning: divide by zero encountered in scalar divide
  return metric_fun(privileged=False) / metric_fun(privileged=True)
/home/vangeloz/public/dp-fair-intervention-benchmark/venv/lib/python3.9/site-packages/aif360/metrics/dataset_metric.py:82: RuntimeWarning: invalid value encountered in scalar divide
  return metric_fun(privileged=False) / metric_fun(privileged=True)
/home/vangeloz/public/dp-fair-intervention-benchmark/venv/lib/python3.9/site-packages/sklearn/preprocessing/_label.py:110: DataConversionWarning: A column-vector y was passed when a 1d array was expected. Please change the shape of y to (n_samples, ), for example using ravel().
  y = column_or_1d(y, warn=True)
/home/vangeloz/public/dp-fair-intervention-benchmark/venv/lib/python3.9/site-packages/sklearn/preprocessing/_label.py:110: DataConversionWarning: A column-vector y was passed when a 1d array was expected. Please change the shape of y to (n_samples, ), for example using ravel().
  y = column_or_1d(y, warn=True)
/home/vangeloz/public/dp-fair-intervention-benchmark/venv/lib/python3.9/site-packages/aif360/metrics/dataset_metric.py:82: RuntimeWarning: divide by zero encountered in scalar divide
  return metric_fun(privileged=False) / metric_fun(privileged=True)
/home/vangeloz/public/dp-fair-intervention-benchmark/venv/lib/python3.9/site-packages/aif360/metrics/dataset_metric.py:82: RuntimeWarning: invalid value encountered in scalar divide
  return metric_fun(privileged=False) / metric_fun(privileged=True)
/home/vangeloz/public/dp-fair-intervention-benchmark/venv/lib/python3.9/site-packages/sklearn/preprocessing/_label.py:110: DataConversionWarning: A column-vector y was passed when a 1d array was expected. Please change the shape of y to (n_samples, ), for example using ravel().
  y = column_or_1d(y, warn=True)
/home/vangeloz/public/dp-fair-intervention-benchmark/venv/lib/python3.9/site-packages/sklearn/preprocessing/_label.py:110: DataConversionWarning: A column-vector y was passed when a 1d array was expected. Please change the shape of y to (n_samples, ), for example using ravel().
  y = column_or_1d(y, warn=True)
/home/vangeloz/public/dp-fair-intervention-benchmark/venv/lib/python3.9/site-packages/aif360/metrics/dataset_metric.py:82: RuntimeWarning: invalid value encountered in scalar divide
  return metric_fun(privileged=False) / metric_fun(privileged=True)
/home/vangeloz/public/dp-fair-intervention-benchmark/venv/lib/python3.9/site-packages/sklearn/preprocessing/_label.py:110: DataConversionWarning: A column-vector y was passed when a 1d array was expected. Please change the shape of y to (n_samples, ), for example using ravel().
  y = column_or_1d(y, warn=True)
/home/vangeloz/public/dp-fair-intervention-benchmark/venv/lib/python3.9/site-packages/sklearn/preprocessing/_label.py:110: DataConversionWarning: A column-vector y was passed when a 1d array was expected. Please change the shape of y to (n_samples, ), for example using ravel().
  y = column_or_1d(y, warn=True)
/home/vangeloz/public/dp-fair-intervention-benchmark/venv/lib/python3.9/site-packages/aif360/metrics/dataset_metric.py:82: RuntimeWarning: divide by zero encountered in scalar divide
  return metric_fun(privileged=False) / metric_fun(privileged=True)
/home/vangeloz/public/dp-fair-intervention-benchmark/venv/lib/python3.9/site-packages/aif360/metrics/dataset_metric.py:82: RuntimeWarning: invalid value encountered in scalar divide
  return metric_fun(privileged=False) / metric_fun(privileged=True)
/home/vangeloz/public/dp-fair-intervention-benchmark/venv/lib/python3.9/site-packages/sklearn/preprocessing/_label.py:110: DataConversionWarning: A column-vector y was passed when a 1d array was expected. Please change the shape of y to (n_samples, ), for example using ravel().
  y = column_or_1d(y, warn=True)
/home/vangeloz/public/dp-fair-intervention-benchmark/venv/lib/python3.9/site-packages/sklearn/preprocessing/_label.py:110: DataConversionWarning: A column-vector y was passed when a 1d array was expected. Please change the shape of y to (n_samples, ), for example using ravel().
  y = column_or_1d(y, warn=True)
/home/vangeloz/public/dp-fair-intervention-benchmark/venv/lib/python3.9/site-packages/aif360/metrics/dataset_metric.py:82: RuntimeWarning: divide by zero encountered in scalar divide
  return metric_fun(privileged=False) / metric_fun(privileged=True)
/home/vangeloz/public/dp-fair-intervention-benchmark/venv/lib/python3.9/site-packages/aif360/metrics/dataset_metric.py:82: RuntimeWarning: invalid value encountered in scalar divide
  return metric_fun(privileged=False) / metric_fun(privileged=True)
/home/vangeloz/public/dp-fair-intervention-benchmark/venv/lib/python3.9/site-packages/sklearn/preprocessing/_label.py:110: DataConversionWarning: A column-vector y was passed when a 1d array was expected. Please change the shape of y to (n_samples, ), for example using ravel().
  y = column_or_1d(y, warn=True)
/home/vangeloz/public/dp-fair-intervention-benchmark/venv/lib/python3.9/site-packages/sklearn/preprocessing/_label.py:110: DataConversionWarning: A column-vector y was passed when a 1d array was expected. Please change the shape of y to (n_samples, ), for example using ravel().
  y = column_or_1d(y, warn=True)
/home/vangeloz/public/dp-fair-intervention-benchmark/venv/lib/python3.9/site-packages/aif360/metrics/dataset_metric.py:82: RuntimeWarning: divide by zero encountered in scalar divide
  return metric_fun(privileged=False) / metric_fun(privileged=True)
/home/vangeloz/public/dp-fair-intervention-benchmark/venv/lib/python3.9/site-packages/aif360/metrics/dataset_metric.py:82: RuntimeWarning: invalid value encountered in scalar divide
  return metric_fun(privileged=False) / metric_fun(privileged=True)
/home/vangeloz/public/dp-fair-intervention-benchmark/venv/lib/python3.9/site-packages/sklearn/preprocessing/_label.py:110: DataConversionWarning: A column-vector y was passed when a 1d array was expected. Please change the shape of y to (n_samples, ), for example using ravel().
  y = column_or_1d(y, warn=True)
/home/vangeloz/public/dp-fair-intervention-benchmark/venv/lib/python3.9/site-packages/sklearn/preprocessing/_label.py:110: DataConversionWarning: A column-vector y was passed when a 1d array was expected. Please change the shape of y to (n_samples, ), for example using ravel().
  y = column_or_1d(y, warn=True)
/home/vangeloz/public/dp-fair-intervention-benchmark/venv/lib/python3.9/site-packages/aif360/metrics/dataset_metric.py:82: RuntimeWarning: divide by zero encountered in scalar divide
  return metric_fun(privileged=False) / metric_fun(privileged=True)
/home/vangeloz/public/dp-fair-intervention-benchmark/venv/lib/python3.9/site-packages/aif360/metrics/dataset_metric.py:82: RuntimeWarning: invalid value encountered in scalar divide
  return metric_fun(privileged=False) / metric_fun(privileged=True)
/home/vangeloz/public/dp-fair-intervention-benchmark/venv/lib/python3.9/site-packages/sklearn/preprocessing/_label.py:110: DataConversionWarning: A column-vector y was passed when a 1d array was expected. Please change the shape of y to (n_samples, ), for example using ravel().
  y = column_or_1d(y, warn=True)
/home/vangeloz/public/dp-fair-intervention-benchmark/venv/lib/python3.9/site-packages/sklearn/preprocessing/_label.py:110: DataConversionWarning: A column-vector y was passed when a 1d array was expected. Please change the shape of y to (n_samples, ), for example using ravel().
  y = column_or_1d(y, warn=True)
/home/vangeloz/public/dp-fair-intervention-benchmark/venv/lib/python3.9/site-packages/aif360/metrics/dataset_metric.py:82: RuntimeWarning: divide by zero encountered in scalar divide
  return metric_fun(privileged=False) / metric_fun(privileged=True)
/home/vangeloz/public/dp-fair-intervention-benchmark/venv/lib/python3.9/site-packages/aif360/metrics/dataset_metric.py:82: RuntimeWarning: invalid value encountered in scalar divide
  return metric_fun(privileged=False) / metric_fun(privileged=True)
/home/vangeloz/public/dp-fair-intervention-benchmark/venv/lib/python3.9/site-packages/sklearn/preprocessing/_label.py:110: DataConversionWarning: A column-vector y was passed when a 1d array was expected. Please change the shape of y to (n_samples, ), for example using ravel().
  y = column_or_1d(y, warn=True)
/home/vangeloz/public/dp-fair-intervention-benchmark/venv/lib/python3.9/site-packages/sklearn/preprocessing/_label.py:110: DataConversionWarning: A column-vector y was passed when a 1d array was expected. Please change the shape of y to (n_samples, ), for example using ravel().
  y = column_or_1d(y, warn=True)
/home/vangeloz/public/dp-fair-intervention-benchmark/venv/lib/python3.9/site-packages/aif360/metrics/dataset_metric.py:82: RuntimeWarning: divide by zero encountered in scalar divide
  return metric_fun(privileged=False) / metric_fun(privileged=True)
/home/vangeloz/public/dp-fair-intervention-benchmark/venv/lib/python3.9/site-packages/aif360/metrics/dataset_metric.py:82: RuntimeWarning: invalid value encountered in scalar divide
  return metric_fun(privileged=False) / metric_fun(privileged=True)
/home/vangeloz/public/dp-fair-intervention-benchmark/venv/lib/python3.9/site-packages/sklearn/preprocessing/_label.py:110: DataConversionWarning: A column-vector y was passed when a 1d array was expected. Please change the shape of y to (n_samples, ), for example using ravel().
  y = column_or_1d(y, warn=True)
/home/vangeloz/public/dp-fair-intervention-benchmark/venv/lib/python3.9/site-packages/sklearn/preprocessing/_label.py:110: DataConversionWarning: A column-vector y was passed when a 1d array was expected. Please change the shape of y to (n_samples, ), for example using ravel().
  y = column_or_1d(y, warn=True)
/home/vangeloz/public/dp-fair-intervention-benchmark/venv/lib/python3.9/site-packages/aif360/metrics/dataset_metric.py:82: RuntimeWarning: divide by zero encountered in scalar divide
  return metric_fun(privileged=False) / metric_fun(privileged=True)
/home/vangeloz/public/dp-fair-intervention-benchmark/venv/lib/python3.9/site-packages/aif360/metrics/dataset_metric.py:82: RuntimeWarning: invalid value encountered in scalar divide
  return metric_fun(privileged=False) / metric_fun(privileged=True)
/home/vangeloz/public/dp-fair-intervention-benchmark/venv/lib/python3.9/site-packages/sklearn/preprocessing/_label.py:110: DataConversionWarning: A column-vector y was passed when a 1d array was expected. Please change the shape of y to (n_samples, ), for example using ravel().
  y = column_or_1d(y, warn=True)
/home/vangeloz/public/dp-fair-intervention-benchmark/venv/lib/python3.9/site-packages/sklearn/preprocessing/_label.py:110: DataConversionWarning: A column-vector y was passed when a 1d array was expected. Please change the shape of y to (n_samples, ), for example using ravel().
  y = column_or_1d(y, warn=True)
/home/vangeloz/public/dp-fair-intervention-benchmark/venv/lib/python3.9/site-packages/aif360/metrics/dataset_metric.py:82: RuntimeWarning: invalid value encountered in scalar divide
  return metric_fun(privileged=False) / metric_fun(privileged=True)
/home/vangeloz/public/dp-fair-intervention-benchmark/venv/lib/python3.9/site-packages/sklearn/preprocessing/_label.py:110: DataConversionWarning: A column-vector y was passed when a 1d array was expected. Please change the shape of y to (n_samples, ), for example using ravel().
  y = column_or_1d(y, warn=True)
/home/vangeloz/public/dp-fair-intervention-benchmark/venv/lib/python3.9/site-packages/sklearn/preprocessing/_label.py:110: DataConversionWarning: A column-vector y was passed when a 1d array was expected. Please change the shape of y to (n_samples, ), for example using ravel().
  y = column_or_1d(y, warn=True)
/home/vangeloz/public/dp-fair-intervention-benchmark/venv/lib/python3.9/site-packages/aif360/metrics/dataset_metric.py:82: RuntimeWarning: divide by zero encountered in scalar divide
  return metric_fun(privileged=False) / metric_fun(privileged=True)
