Running DP Benchmark on dataset: 'Compas' with target: 'two_year_recid' and sensitive attribute: 'race'

*********************** Fair-only - seed = 113647 ***********************

[WARN] You provided a tuple (0.4, 0.5) of splitting distribution and a test directory and file has been found in ../data/Compas/aim/DP-dataset-test/, the second value of the tuple will be used.

# Original - OK
# PRE - REWEIGH - OK
# PRE - DIR - OK
# PRE - LFR - OK
# IN - EGR - OK
# IN - GSR - OK
# POS - ROC - OK
# POS - EQODDS - OK
# POS - CEOP - OK

*********************** DP & DP+Fair | ε=0.05 ***********************

[WARN] You provided a tuple (0.4, 0.5) of splitting distribution and a test directory and file has been found in ../data/Compas/aim/DP-dataset-test/, the second value of the tuple will be used.

# Original - OK
# PRE - REWEIGH - OK
# PRE - DIR - OK
# PRE - LFR - OK
# IN - EGR - OK
# IN - GSR - OK
# POS - ROC - OK
# POS - EQODDS - OK
# POS - CEOP - OK

*********************** DP & DP+Fair | ε=0.1 ***********************

[WARN] You provided a tuple (0.4, 0.5) of splitting distribution and a test directory and file has been found in ../data/Compas/aim/DP-dataset-test/, the second value of the tuple will be used.

# Original - OK
# PRE - REWEIGH - OK
# PRE - DIR - OK
# PRE - LFR - OK
# IN - EGR - OK
# IN - GSR - OK
# POS - ROC - OK
# POS - EQODDS - OK
# POS - CEOP - OK

*********************** DP & DP+Fair | ε=0.25 ***********************

[WARN] You provided a tuple (0.4, 0.5) of splitting distribution and a test directory and file has been found in ../data/Compas/aim/DP-dataset-test/, the second value of the tuple will be used.

# Original - OK
# PRE - REWEIGH - OK
# PRE - DIR - OK
# PRE - LFR - OK
# IN - EGR - OK
# IN - GSR - OK
# POS - ROC - OK
# POS - EQODDS - OK
# POS - CEOP - OK

*********************** DP & DP+Fair | ε=0.5 ***********************

[WARN] You provided a tuple (0.4, 0.5) of splitting distribution and a test directory and file has been found in ../data/Compas/aim/DP-dataset-test/, the second value of the tuple will be used.

# Original - OK
# PRE - REWEIGH - OK
# PRE - DIR - OK
# PRE - LFR - OK
# IN - EGR - OK
# IN - GSR - OK
# POS - ROC - OK
# POS - EQODDS - OK
# POS - CEOP - OK

*********************** DP & DP+Fair | ε=0.75 ***********************

[WARN] You provided a tuple (0.4, 0.5) of splitting distribution and a test directory and file has been found in ../data/Compas/aim/DP-dataset-test/, the second value of the tuple will be used.

# Original - OK
# PRE - REWEIGH - OK
# PRE - DIR - OK
# PRE - LFR - OK
# IN - EGR - OK
# IN - GSR - OK
# POS - ROC - OK
# POS - EQODDS - OK
# POS - CEOP - OK

*********************** DP & DP+Fair | ε=1 ***********************

[WARN] You provided a tuple (0.4, 0.5) of splitting distribution and a test directory and file has been found in ../data/Compas/aim/DP-dataset-test/, the second value of the tuple will be used.

# Original - OK
# PRE - REWEIGH - OK
# PRE - DIR - OK
# PRE - LFR - OK
# IN - EGR - OK
# IN - GSR - OK
# POS - ROC - OK
# POS - EQODDS - OK
# POS - CEOP - OK

*********************** DP & DP+Fair | ε=2 ***********************

[WARN] You provided a tuple (0.4, 0.5) of splitting distribution and a test directory and file has been found in ../data/Compas/aim/DP-dataset-test/, the second value of the tuple will be used.

# Original - OK
# PRE - REWEIGH - OK
# PRE - DIR - OK
# PRE - LFR - OK
# IN - EGR - OK
# IN - GSR - OK
# POS - ROC - OK
# POS - EQODDS - OK
# POS - CEOP - OK

*********************** DP & DP+Fair | ε=3 ***********************

[WARN] You provided a tuple (0.4, 0.5) of splitting distribution and a test directory and file has been found in ../data/Compas/aim/DP-dataset-test/, the second value of the tuple will be used.

# Original - OK
# PRE - REWEIGH - OK
# PRE - DIR - OK
# PRE - LFR - OK
# IN - EGR - OK
# IN - GSR - OK
# POS - ROC - OK
# POS - EQODDS - OK
# POS - CEOP - OK

*********************** DP & DP+Fair | ε=5 ***********************

[WARN] You provided a tuple (0.4, 0.5) of splitting distribution and a test directory and file has been found in ../data/Compas/aim/DP-dataset-test/, the second value of the tuple will be used.

# Original - OK
# PRE - REWEIGH - OK
# PRE - DIR - OK
# PRE - LFR - OK
# IN - EGR - OK
# IN - GSR - OK
# POS - ROC - OK
# POS - EQODDS - OK
# POS - CEOP - OK

*********************** DP & DP+Fair | ε=10 ***********************

[WARN] You provided a tuple (0.4, 0.5) of splitting distribution and a test directory and file has been found in ../data/Compas/aim/DP-dataset-test/, the second value of the tuple will be used.

# Original - OK
# PRE - REWEIGH - OK
# PRE - DIR - OK
# PRE - LFR - OK
# IN - EGR - OK
# IN - GSR - OK
# POS - ROC - OK
# POS - EQODDS - OK
# POS - CEOP - OK

*********************** DP & DP+Fair | ε=15 ***********************

[WARN] You provided a tuple (0.4, 0.5) of splitting distribution and a test directory and file has been found in ../data/Compas/aim/DP-dataset-test/, the second value of the tuple will be used.

# Original - OK
# PRE - REWEIGH - OK
# PRE - DIR - OK
# PRE - LFR - OK
# IN - EGR - OK
# IN - GSR - OK
# POS - ROC - OK
# POS - EQODDS - OK
# POS - CEOP - OK

*********************** DP & DP+Fair | ε=20 ***********************

[WARN] You provided a tuple (0.4, 0.5) of splitting distribution and a test directory and file has been found in ../data/Compas/aim/DP-dataset-test/, the second value of the tuple will be used.

# Original - OK
# PRE - REWEIGH - OK
# PRE - DIR - OK
# PRE - LFR - OK
# IN - EGR - OK
# IN - GSR - OK
# POS - ROC - OK
# POS - EQODDS - OK
# POS - CEOP - OK
Running DP Benchmark on dataset: 'Compas' with target: 'two_year_recid' and sensitive attribute: 'race'

*********************** Fair-only - seed = 113647 ***********************

[WARN] You provided a tuple (0.4, 0.5) of splitting distribution and a test directory and file has been found in ../data/Compas/aim/DP-dataset-test/, the second value of the tuple will be used.

# Original - OK
# PRE - REWEIGH - OK
# PRE - DIR - OK
# PRE - LFR - OK
# IN - EGR - OK
# IN - GSR - OK
# POS - ROC - OK
# POS - EQODDS - OK
# POS - CEOP - OK

*********************** DP & DP+Fair | ε=0.05 ***********************

[WARN] You provided a tuple (0.4, 0.5) of splitting distribution and a test directory and file has been found in ../data/Compas/aim/DP-dataset-test/, the second value of the tuple will be used.

# Original - OK
# PRE - REWEIGH - OK
# PRE - DIR - OK
# PRE - LFR - OK
# IN - EGR - OK
# IN - GSR - OK
# POS - ROC - OK
# POS - EQODDS - OK
# POS - CEOP - OK

*********************** DP & DP+Fair | ε=0.1 ***********************

[WARN] You provided a tuple (0.4, 0.5) of splitting distribution and a test directory and file has been found in ../data/Compas/aim/DP-dataset-test/, the second value of the tuple will be used.

# Original - OK
# PRE - REWEIGH - OK
# PRE - DIR - OK
# PRE - LFR - OK
# IN - EGR - OK
# IN - GSR - OK
# POS - ROC - OK
# POS - EQODDS - OK
# POS - CEOP - OK

*********************** DP & DP+Fair | ε=0.25 ***********************

[WARN] You provided a tuple (0.4, 0.5) of splitting distribution and a test directory and file has been found in ../data/Compas/aim/DP-dataset-test/, the second value of the tuple will be used.

# Original - OK
# PRE - REWEIGH - OK
# PRE - DIR - OK
# PRE - LFR - OK
# IN - EGR - OK
# IN - GSR - OK
# POS - ROC - OK
# POS - EQODDS - OK
# POS - CEOP - OK

*********************** DP & DP+Fair | ε=0.5 ***********************

[WARN] You provided a tuple (0.4, 0.5) of splitting distribution and a test directory and file has been found in ../data/Compas/aim/DP-dataset-test/, the second value of the tuple will be used.

# Original - OK
# PRE - REWEIGH - OK
# PRE - DIR - OK
# PRE - LFR - OK
# IN - EGR - OK
# IN - GSR - OK
# POS - ROC - OK
# POS - EQODDS - OK
# POS - CEOP - OK

*********************** DP & DP+Fair | ε=0.75 ***********************

[WARN] You provided a tuple (0.4, 0.5) of splitting distribution and a test directory and file has been found in ../data/Compas/aim/DP-dataset-test/, the second value of the tuple will be used.

# Original - OK
# PRE - REWEIGH - OK
# PRE - DIR - OK
# PRE - LFR - OK
# IN - EGR - OK
# IN - GSR - OK
# POS - ROC - OK
# POS - EQODDS - OK
# POS - CEOP - OK

*********************** DP & DP+Fair | ε=1 ***********************

[WARN] You provided a tuple (0.4, 0.5) of splitting distribution and a test directory and file has been found in ../data/Compas/aim/DP-dataset-test/, the second value of the tuple will be used.

# Original - OK
# PRE - REWEIGH - OK
# PRE - DIR - OK
# PRE - LFR - OK
# IN - EGR - OK
# IN - GSR - OK
# POS - ROC - OK
# POS - EQODDS - OK
# POS - CEOP - OK

*********************** DP & DP+Fair | ε=2 ***********************

[WARN] You provided a tuple (0.4, 0.5) of splitting distribution and a test directory and file has been found in ../data/Compas/aim/DP-dataset-test/, the second value of the tuple will be used.

# Original - OK
# PRE - REWEIGH - OK
# PRE - DIR - OK
# PRE - LFR - OK
# IN - EGR - OK
# IN - GSR - OK
# POS - ROC - OK
# POS - EQODDS - OK
# POS - CEOP - OK

*********************** DP & DP+Fair | ε=3 ***********************

[WARN] You provided a tuple (0.4, 0.5) of splitting distribution and a test directory and file has been found in ../data/Compas/aim/DP-dataset-test/, the second value of the tuple will be used.

# Original - OK
# PRE - REWEIGH - OK
# PRE - DIR - OK
# PRE - LFR - OK
# IN - EGR - OK
# IN - GSR - OK
# POS - ROC - OK
# POS - EQODDS - OK
# POS - CEOP - OK

*********************** DP & DP+Fair | ε=5 ***********************

[WARN] You provided a tuple (0.4, 0.5) of splitting distribution and a test directory and file has been found in ../data/Compas/aim/DP-dataset-test/, the second value of the tuple will be used.

# Original - OK
# PRE - REWEIGH - OK
# PRE - DIR - OK
# PRE - LFR - OK
# IN - EGR - OK
# IN - GSR - OK
# POS - ROC - OK
# POS - EQODDS - OK
# POS - CEOP - OK

*********************** DP & DP+Fair | ε=10 ***********************

[WARN] You provided a tuple (0.4, 0.5) of splitting distribution and a test directory and file has been found in ../data/Compas/aim/DP-dataset-test/, the second value of the tuple will be used.

# Original - OK
# PRE - REWEIGH - OK
# PRE - DIR - OK
# PRE - LFR - OK
# IN - EGR - OK
# IN - GSR - OK
# POS - ROC - OK
# POS - EQODDS - OK
# POS - CEOP - OK

*********************** DP & DP+Fair | ε=15 ***********************

[WARN] You provided a tuple (0.4, 0.5) of splitting distribution and a test directory and file has been found in ../data/Compas/aim/DP-dataset-test/, the second value of the tuple will be used.

# Original - OK
# PRE - REWEIGH - OK
# PRE - DIR - OK
# PRE - LFR - OK
# IN - EGR - OK
# IN - GSR - OK
# POS - ROC - OK
# POS - EQODDS - OK
# POS - CEOP - OK

*********************** DP & DP+Fair | ε=20 ***********************

[WARN] You provided a tuple (0.4, 0.5) of splitting distribution and a test directory and file has been found in ../data/Compas/aim/DP-dataset-test/, the second value of the tuple will be used.

# Original - OK
# PRE - REWEIGH - OK
# PRE - DIR - OK
# PRE - LFR - OK
# IN - EGR - OK
# IN - GSR - OK
# POS - ROC - OK
# POS - EQODDS - OK
# POS - CEOP - OK
Running DP Benchmark on dataset: 'Compas' with target: 'two_year_recid' and sensitive attribute: 'race'

*********************** Fair-only - seed = 113647 ***********************

[WARN] You provided a tuple (0.4, 0.5) of splitting distribution and a test directory and file has been found in ../data/Compas/aim/DP-dataset-test/, the second value of the tuple will be used.

# Original - OK
# PRE - REWEIGH - OK
# PRE - DIR - OK
# PRE - LFR - OK
# IN - EGR - OK
# IN - GSR - OK
# POS - ROC - OK
# POS - EQODDS - OK
# POS - CEOP - OK

*********************** DP & DP+Fair | ε=0.05 ***********************

[WARN] You provided a tuple (0.4, 0.5) of splitting distribution and a test directory and file has been found in ../data/Compas/aim/DP-dataset-test/, the second value of the tuple will be used.

# Original - OK
# PRE - REWEIGH - OK
# PRE - DIR - OK
# PRE - LFR - OK
# IN - EGR - OK
# IN - GSR - OK
# POS - ROC - OK
# POS - EQODDS - OK
# POS - CEOP - OK

*********************** DP & DP+Fair | ε=0.1 ***********************

[WARN] You provided a tuple (0.4, 0.5) of splitting distribution and a test directory and file has been found in ../data/Compas/aim/DP-dataset-test/, the second value of the tuple will be used.

# Original - OK
# PRE - REWEIGH - OK
# PRE - DIR - OK
# PRE - LFR - OK
# IN - EGR - OK
# IN - GSR - OK
# POS - ROC - OK
# POS - EQODDS - OK
# POS - CEOP - OK

*********************** DP & DP+Fair | ε=0.25 ***********************

[WARN] You provided a tuple (0.4, 0.5) of splitting distribution and a test directory and file has been found in ../data/Compas/aim/DP-dataset-test/, the second value of the tuple will be used.

# Original - OK
# PRE - REWEIGH - OK
# PRE - DIR - OK
# PRE - LFR - OK
# IN - EGR - OK
# IN - GSR - OK
# POS - ROC - OK
# POS - EQODDS - OK
# POS - CEOP - OK

*********************** DP & DP+Fair | ε=0.5 ***********************

[WARN] You provided a tuple (0.4, 0.5) of splitting distribution and a test directory and file has been found in ../data/Compas/aim/DP-dataset-test/, the second value of the tuple will be used.

# Original - OK
# PRE - REWEIGH - OK
# PRE - DIR - OK
# PRE - LFR - OK
# IN - EGR - OK
# IN - GSR - OK
# POS - ROC - OK
# POS - EQODDS - OK
# POS - CEOP - OK

*********************** DP & DP+Fair | ε=0.75 ***********************

[WARN] You provided a tuple (0.4, 0.5) of splitting distribution and a test directory and file has been found in ../data/Compas/aim/DP-dataset-test/, the second value of the tuple will be used.

# Original - OK
# PRE - REWEIGH - OK
# PRE - DIR - OK
# PRE - LFR - OK
# IN - EGR - OK
# IN - GSR - OK
# POS - ROC - OK
# POS - EQODDS - OK
# POS - CEOP - OK

*********************** DP & DP+Fair | ε=1 ***********************

[WARN] You provided a tuple (0.4, 0.5) of splitting distribution and a test directory and file has been found in ../data/Compas/aim/DP-dataset-test/, the second value of the tuple will be used.

# Original - OK
# PRE - REWEIGH - OK
# PRE - DIR - OK
# PRE - LFR - OK
# IN - EGR - OK
# IN - GSR - OK
# POS - ROC - OK
# POS - EQODDS - OK
# POS - CEOP - OK

*********************** DP & DP+Fair | ε=2 ***********************

[WARN] You provided a tuple (0.4, 0.5) of splitting distribution and a test directory and file has been found in ../data/Compas/aim/DP-dataset-test/, the second value of the tuple will be used.

# Original - OK
# PRE - REWEIGH - OK
# PRE - DIR - OK
# PRE - LFR - OK
# IN - EGR - OK
# IN - GSR - OK
# POS - ROC - OK
# POS - EQODDS - OK
# POS - CEOP - OK

*********************** DP & DP+Fair | ε=3 ***********************

[WARN] You provided a tuple (0.4, 0.5) of splitting distribution and a test directory and file has been found in ../data/Compas/aim/DP-dataset-test/, the second value of the tuple will be used.

# Original - OK
# PRE - REWEIGH - OK
# PRE - DIR - OK
# PRE - LFR - OK
# IN - EGR - OK
# IN - GSR - OK
# POS - ROC - OK
# POS - EQODDS - OK
# POS - CEOP - OK

*********************** DP & DP+Fair | ε=5 ***********************

[WARN] You provided a tuple (0.4, 0.5) of splitting distribution and a test directory and file has been found in ../data/Compas/aim/DP-dataset-test/, the second value of the tuple will be used.

# Original - OK
# PRE - REWEIGH - OK
# PRE - DIR - OK
# PRE - LFR - OK
# IN - EGR - OK
# IN - GSR - OK
# POS - ROC - OK
# POS - EQODDS - OK
# POS - CEOP - OK

*********************** DP & DP+Fair | ε=10 ***********************

[WARN] You provided a tuple (0.4, 0.5) of splitting distribution and a test directory and file has been found in ../data/Compas/aim/DP-dataset-test/, the second value of the tuple will be used.

# Original - OK
# PRE - REWEIGH - OK
# PRE - DIR - OK
# PRE - LFR - OK
# IN - EGR - OK
# IN - GSR - OK
# POS - ROC - OK
# POS - EQODDS - OK
# POS - CEOP - OK

*********************** DP & DP+Fair | ε=15 ***********************

[WARN] You provided a tuple (0.4, 0.5) of splitting distribution and a test directory and file has been found in ../data/Compas/aim/DP-dataset-test/, the second value of the tuple will be used.

# Original - OK
# PRE - REWEIGH - OK
# PRE - DIR - OK
# PRE - LFR - OK
# IN - EGR - OK
# IN - GSR - OK
# POS - ROC - OK
# POS - EQODDS - OK
# POS - CEOP - OK

*********************** DP & DP+Fair | ε=20 ***********************

[WARN] You provided a tuple (0.4, 0.5) of splitting distribution and a test directory and file has been found in ../data/Compas/aim/DP-dataset-test/, the second value of the tuple will be used.

# Original - OK
# PRE - REWEIGH - OK
# PRE - DIR - OK
# PRE - LFR - OK
# IN - EGR - OK
# IN - GSR - OK
# POS - ROC - OK
# POS - EQODDS - OK
# POS - CEOP - OK
Running DP Benchmark on dataset: 'Compas' with target: 'two_year_recid' and sensitive attribute: 'race'

*********************** Fair-only - seed = 113647 ***********************

[WARN] You provided a tuple (0.4, 0.5) of splitting distribution and a test directory and file has been found in ../data/Compas/mst/DP-dataset-test/, the second value of the tuple will be used.

# Original - OK
# PRE - REWEIGH - OK
# PRE - DIR - OK
# PRE - LFR - OK
# IN - EGR - OK
# IN - GSR - OK
# POS - ROC - OK
# POS - EQODDS - OK
# POS - CEOP - OK

*********************** DP & DP+Fair | ε=0.05 ***********************

[WARN] You provided a tuple (0.4, 0.5) of splitting distribution and a test directory and file has been found in ../data/Compas/mst/DP-dataset-test/, the second value of the tuple will be used.

# Original - OK
# PRE - REWEIGH - OK
# PRE - DIR - OK
# PRE - LFR - OK
# IN - EGR - OK
# IN - GSR - OK
# POS - ROC - OK
# POS - EQODDS - OK
# POS - CEOP - OK

*********************** DP & DP+Fair | ε=0.1 ***********************

[WARN] You provided a tuple (0.4, 0.5) of splitting distribution and a test directory and file has been found in ../data/Compas/mst/DP-dataset-test/, the second value of the tuple will be used.

# Original - OK
# PRE - REWEIGH - OK
# PRE - DIR - OK
# PRE - LFR - OK
# IN - EGR - OK
# IN - GSR - OK
# POS - ROC - OK
# POS - EQODDS - OK
# POS - CEOP - OK

*********************** DP & DP+Fair | ε=0.25 ***********************

[WARN] You provided a tuple (0.4, 0.5) of splitting distribution and a test directory and file has been found in ../data/Compas/mst/DP-dataset-test/, the second value of the tuple will be used.

# Original - OK
# PRE - REWEIGH - OK
# PRE - DIR - OK
# PRE - LFR - OK
# IN - EGR - OK
# IN - GSR - OK
# POS - ROC - OK
# POS - EQODDS - OK
# POS - CEOP - OK

*********************** DP & DP+Fair | ε=0.5 ***********************

[WARN] You provided a tuple (0.4, 0.5) of splitting distribution and a test directory and file has been found in ../data/Compas/mst/DP-dataset-test/, the second value of the tuple will be used.

# Original - OK
# PRE - REWEIGH - OK
# PRE - DIR - OK
# PRE - LFR - OK
# IN - EGR - OK
# IN - GSR - OK
# POS - ROC - OK
# POS - EQODDS - OK
# POS - CEOP - OK

*********************** DP & DP+Fair | ε=0.75 ***********************

[WARN] You provided a tuple (0.4, 0.5) of splitting distribution and a test directory and file has been found in ../data/Compas/mst/DP-dataset-test/, the second value of the tuple will be used.

# Original - OK
# PRE - REWEIGH - OK
# PRE - DIR - OK
# PRE - LFR - OK
# IN - EGR - OK
# IN - GSR - OK
# POS - ROC - OK
# POS - EQODDS - OK
# POS - CEOP - OK

*********************** DP & DP+Fair | ε=1 ***********************

[WARN] You provided a tuple (0.4, 0.5) of splitting distribution and a test directory and file has been found in ../data/Compas/mst/DP-dataset-test/, the second value of the tuple will be used.

# Original - OK
# PRE - REWEIGH - OK
# PRE - DIR - OK
# PRE - LFR - OK
# IN - EGR - OK
# IN - GSR - OK
# POS - ROC - OK
# POS - EQODDS - OK
# POS - CEOP - OK

*********************** DP & DP+Fair | ε=2 ***********************

[WARN] You provided a tuple (0.4, 0.5) of splitting distribution and a test directory and file has been found in ../data/Compas/mst/DP-dataset-test/, the second value of the tuple will be used.

# Original - OK
# PRE - REWEIGH - OK
# PRE - DIR - OK
# PRE - LFR - OK
# IN - EGR - OK
# IN - GSR - OK
# POS - ROC - OK
# POS - EQODDS - OK
# POS - CEOP - OK

*********************** DP & DP+Fair | ε=3 ***********************

[WARN] You provided a tuple (0.4, 0.5) of splitting distribution and a test directory and file has been found in ../data/Compas/mst/DP-dataset-test/, the second value of the tuple will be used.

# Original - OK
# PRE - REWEIGH - OK
# PRE - DIR - OK
# PRE - LFR - OK
# IN - EGR - OK
# IN - GSR - OK
# POS - ROC - OK
# POS - EQODDS - OK
# POS - CEOP - OK

*********************** DP & DP+Fair | ε=5 ***********************

[WARN] You provided a tuple (0.4, 0.5) of splitting distribution and a test directory and file has been found in ../data/Compas/mst/DP-dataset-test/, the second value of the tuple will be used.

# Original - OK
# PRE - REWEIGH - OK
# PRE - DIR - OK
# PRE - LFR - OK
# IN - EGR - OK
# IN - GSR - OK
# POS - ROC - OK
# POS - EQODDS - OK
# POS - CEOP - OK

*********************** DP & DP+Fair | ε=10 ***********************

[WARN] You provided a tuple (0.4, 0.5) of splitting distribution and a test directory and file has been found in ../data/Compas/mst/DP-dataset-test/, the second value of the tuple will be used.

# Original - OK
# PRE - REWEIGH - OK
# PRE - DIR - OK
# PRE - LFR - OK
# IN - EGR - OK
# IN - GSR - OK
# POS - ROC - OK
# POS - EQODDS - OK
# POS - CEOP - OK

*********************** DP & DP+Fair | ε=15 ***********************

[WARN] You provided a tuple (0.4, 0.5) of splitting distribution and a test directory and file has been found in ../data/Compas/mst/DP-dataset-test/, the second value of the tuple will be used.

# Original - OK
# PRE - REWEIGH - OK
# PRE - DIR - OK
# PRE - LFR - OK
# IN - EGR - OK
# IN - GSR - OK
# POS - ROC - OK
# POS - EQODDS - OK
# POS - CEOP - OK

*********************** DP & DP+Fair | ε=20 ***********************

[WARN] You provided a tuple (0.4, 0.5) of splitting distribution and a test directory and file has been found in ../data/Compas/mst/DP-dataset-test/, the second value of the tuple will be used.

# Original - OK
# PRE - REWEIGH - OK
# PRE - DIR - OK
# PRE - LFR - OK
# IN - EGR - OK
# IN - GSR - OK
# POS - ROC - OK
# POS - EQODDS - OK
# POS - CEOP - OK
